<html>
<body>
<pre>
<h1>µVision Build Log</h1>
<h2>Project:</h2>
F:\Workstation\Firmware\LPC1114_SDK\test\test_sdk.uvproj
Project File Date:  10/27/2016

<h2>Output:</h2>
Build target 'LPC1114_sdk_test'
assembling startup_LPC11xx.s...
compiling main.c...
user\main.c(16): warning:  #223-D: function "GPIOSetDir" declared implicitly
user\main.c:    GPIOSetDir( 2, 0, 1 );
user\main.c:    ^
user\main.c(19): warning:  #223-D: function "GPIOSetValue" declared implicitly
user\main.c:       GPIOSetValue( 2, 0, 0 );
user\main.c:       ^
user\main.c(24): warning:  #111-D: statement is unreachable
user\main.c:       return 0;
user\main.c:       ^
user\main.c(25): warning:  #1-D: last line of file ends without a newline
user\main.c:   }
user\main.c:    ^
user\main.c: user\main.c: 4 warnings, 0 errors
compiling GPIO.C...
compiling CLKCONFIG.C...
compiling TIMER16.C...
compiling UART.C...
compiling RETARGET.C...
linking...
.\bin\test_sdk.axf: Error: L6218E: Undefined symbol SystemInit (referred from main.o).
.\bin\test_sdk.axf: Error: L6218E: Undefined symbol SystemAHBFrequency (referred from timer16.o).
.\bin\test_sdk.axf: Not enough information to list image symbols.
.\bin\test_sdk.axf: Finished: 1 information, 0 warning and 2 error messages.
Target not created
Build target 'LPC1114_sdk_test'
assembling startup_LPC11xx.s...
compiling main.c...
user\main.c(16): warning:  #223-D: function "GPIOSetDir" declared implicitly
user\main.c:    GPIOSetDir( 2, 0, 1 );
user\main.c:    ^
user\main.c(19): warning:  #223-D: function "GPIOSetValue" declared implicitly
user\main.c:       GPIOSetValue( 2, 0, 0 );
user\main.c:       ^
user\main.c(24): warning:  #111-D: statement is unreachable
user\main.c:       return 0;
user\main.c:       ^
user\main.c: user\main.c: 3 warnings, 0 errors
compiling GPIO.C...
compiling CLKCONFIG.C...
compiling TIMER16.C...
compiling UART.C...
compiling RETARGET.C...
linking...
.\bin\test_sdk.axf: Error: L6218E: Undefined symbol SystemInit (referred from main.o).
.\bin\test_sdk.axf: Error: L6218E: Undefined symbol SystemAHBFrequency (referred from timer16.o).
.\bin\test_sdk.axf: Not enough information to list image symbols.
.\bin\test_sdk.axf: Finished: 1 information, 0 warning and 2 error messages.
Target not created
Build target 'LPC1114_sdk_test'
assembling startup_LPC11xx.s...
compiling main.c...
user\main.c(16): warning:  #223-D: function "GPIOSetDir" declared implicitly
user\main.c:    GPIOSetDir( 2, 0, 1 );
user\main.c:    ^
user\main.c(19): warning:  #223-D: function "GPIOSetValue" declared implicitly
user\main.c:       GPIOSetValue( 2, 0, 0 );
user\main.c:       ^
user\main.c(24): warning:  #111-D: statement is unreachable
user\main.c:       return 0;
user\main.c:       ^
user\main.c: user\main.c: 3 warnings, 0 errors
compiling GPIO.C...
compiling CLKCONFIG.C...
compiling TIMER16.C...
compiling UART.C...
compiling RETARGET.C...
compiling CORE_CM0.C...
compiling SYSTEM_LPC11XX.C...
linking...
Program Size: Code=3556 RO-data=224 RW-data=68 ZI-data=580  
FromELF: creating hex file...
User command #1: fromelf.exe --bin -o  "F:\Workstation\Firmware\LPC1114_SDK\test\bin\test_sdk.bin" "F:\Workstation\Firmware\LPC1114_SDK\test\bin\test_sdk.axf"
".\bin\test_sdk.axf" - 0 Error(s), 3 Warning(s).
Build target 'LPC1114_sdk_test'
assembling startup_LPC11xx.s...
compiling main.c...
user\main.c(25): warning:  #223-D: function "GPIOSetDir" declared implicitly
user\main.c:    GPIOSetDir( 2, 0, 1 );
user\main.c:    ^
user\main.c(30): warning:  #223-D: function "GPIOSetValue" declared implicitly
user\main.c:        GPIOSetValue( 2, 0, 0 );
user\main.c:        ^
user\main.c(41): warning:  #111-D: statement is unreachable
user\main.c:       return 0;
user\main.c:       ^
user\main.c: user\main.c: 3 warnings, 0 errors
compiling GPIO.C...
compiling CLKCONFIG.C...
compiling TIMER16.C...
compiling UART.C...
compiling RETARGET.C...
compiling CORE_CM0.C...
compiling SYSTEM_LPC11XX.C...
linking...
Program Size: Code=3636 RO-data=224 RW-data=68 ZI-data=580  
FromELF: creating hex file...
User command #1: fromelf.exe --bin -o  "F:\Workstation\Firmware\LPC1114_SDK\test\bin\test_sdk.bin" "F:\Workstation\Firmware\LPC1114_SDK\test\bin\test_sdk.axf"
".\bin\test_sdk.axf" - 0 Error(s), 3 Warning(s).
Build target 'LPC1114_sdk_test'
assembling startup_LPC11xx.s...
compiling main.c...
user\main.c(25): warning:  #223-D: function "GPIOSetDir" declared implicitly
user\main.c:    GPIOSetDir( 2, 0, 1 );
user\main.c:    ^
user\main.c(30): warning:  #223-D: function "GPIOSetValue" declared implicitly
user\main.c:        GPIOSetValue( 2, 0, 0 );
user\main.c:        ^
user\main.c(41): warning:  #111-D: statement is unreachable
user\main.c:       return 0;
user\main.c:       ^
user\main.c: user\main.c: 3 warnings, 0 errors
compiling GPIO.C...
compiling CLKCONFIG.C...
compiling TIMER16.C...
compiling UART.C...
compiling RETARGET.C...
compiling CORE_CM0.C...
compiling SYSTEM_LPC11XX.C...
linking...
Program Size: Code=3636 RO-data=224 RW-data=68 ZI-data=580  
FromELF: creating hex file...
User command #1: fromelf.exe --bin -o  "F:\Workstation\Firmware\LPC1114_SDK\test\bin\test_sdk.bin" "F:\Workstation\Firmware\LPC1114_SDK\test\bin\test_sdk.axf"
".\bin\test_sdk.axf" - 0 Error(s), 3 Warning(s).
Build target 'LPC1114_sdk_test'
compiling main.c...
user\main.c(5): error:  #11-D: unrecognized preprocessing directive
user\main.c:   #incldue "GPIO.H"
user\main.c:    ^
user\main.c(26): warning:  #223-D: function "GPIOSetDir" declared implicitly
user\main.c:    GPIOSetDir( 2, 0, 1 );
user\main.c:    ^
user\main.c(31): warning:  #223-D: function "GPIOSetValue" declared implicitly
user\main.c:        GPIOSetValue( 2, 0, 0 );
user\main.c:        ^
user\main.c(42): warning:  #111-D: statement is unreachable
user\main.c:       return 0;
user\main.c:       ^
user\main.c: user\main.c: 3 warnings, 1 error
Target not created
Build target 'LPC1114_sdk_test'
compiling main.c...
user\main.c(5): error:  #11-D: unrecognized preprocessing directive
user\main.c:   #incldue "GPIO.H"
user\main.c:    ^
user\main.c(27): warning:  #223-D: function "GPIOSetDir" declared implicitly
user\main.c:    GPIOSetDir( 2, 0, 1 );
user\main.c:    ^
user\main.c(32): warning:  #223-D: function "GPIOSetValue" declared implicitly
user\main.c:        GPIOSetValue( 2, 0, 0 );
user\main.c:        ^
user\main.c: user\main.c: 2 warnings, 1 error
Target not created
Build target 'LPC1114_sdk_test'
compiling main.c...
user\main.c(5): error:  #11-D: unrecognized preprocessing directive
user\main.c:   #incldue "GPIO.H"
user\main.c:    ^
user\main.c(27): warning:  #223-D: function "GPIOSetDir" declared implicitly
user\main.c:    GPIOSetDir( 2, 0, 1 );
user\main.c:    ^
user\main.c(32): warning:  #223-D: function "GPIOSetValue" declared implicitly
user\main.c:        GPIOSetValue( 2, 0, 0 );
user\main.c:        ^
user\main.c: user\main.c: 2 warnings, 1 error
compiling GPIO.C...
Target not created
Build target 'LPC1114_sdk_test'
compiling main.c...
user\main.c(27): warning:  #223-D: function "GPIOSetDir" declared implicitly
user\main.c:    GPIOSetDir( 2, 0, 1 );
user\main.c:    ^
user\main.c(32): warning:  #223-D: function "GPIOSetValue" declared implicitly
user\main.c:        GPIOSetValue( 2, 0, 0 );
user\main.c:        ^
user\main.c: user\main.c: 2 warnings, 0 errors
compiling GPIO.C...
linking...
Program Size: Code=3644 RO-data=392 RW-data=68 ZI-data=580  
FromELF: creating hex file...
User command #1: fromelf.exe --bin -o  "F:\Workstation\Firmware\LPC1114_SDK\test\bin\test_sdk.bin" "F:\Workstation\Firmware\LPC1114_SDK\test\bin\test_sdk.axf"
".\bin\test_sdk.axf" - 0 Error(s), 2 Warning(s).
Build target 'LPC1114_sdk_test'
compiling main.c...
user\main.c(5): error:  #11-D: unrecognized preprocessing directive
user\main.c:   #incldue "gpio.h"
user\main.c:    ^
user\main.c(27): warning:  #223-D: function "GPIOSetDir" declared implicitly
user\main.c:    GPIOSetDir( 2, 0, 1 );
user\main.c:    ^
user\main.c(32): warning:  #223-D: function "GPIOSetValue" declared implicitly
user\main.c:        GPIOSetValue( 2, 0, 0 );
user\main.c:        ^
user\main.c: user\main.c: 2 warnings, 1 error
Target not created
Build target 'LPC1114_sdk_test'
compiling main.c...
linking...
Program Size: Code=3644 RO-data=392 RW-data=68 ZI-data=580  
FromELF: creating hex file...
User command #1: fromelf.exe --bin -o  "F:\Workstation\Firmware\LPC1114_SDK\test\bin\test_sdk.bin" "F:\Workstation\Firmware\LPC1114_SDK\test\bin\test_sdk.axf"
".\bin\test_sdk.axf" - 0 Error(s), 0 Warning(s).
Build target 'LPC1114_sdk_test'
assembling startup_LPC11xx.s...
compiling main.c...
compiling GPIO.C...
compiling CLKCONFIG.C...
compiling TIMER16.C...
compiling UART.C...
compiling RETARGET.C...
compiling CORE_CM0.C...
compiling SYSTEM_LPC11XX.C...
linking...
Program Size: Code=3644 RO-data=392 RW-data=68 ZI-data=580  
FromELF: creating hex file...
User command #1: fromelf.exe --bin -o  "F:\Workstation\Firmware\LPC1114_SDK\test\bin\test_sdk.bin" "F:\Workstation\Firmware\LPC1114_SDK\test\bin\test_sdk.axf"
".\bin\test_sdk.axf" - 0 Error(s), 0 Warning(s).
Load "F:\\Workstation\\Firmware\\LPC1114_SDK\\test\\bin\\test_sdk.AXF" 
Build target 'LPC1114_sdk_test'
compiling main.c...
linking...
Program Size: Code=3644 RO-data=392 RW-data=68 ZI-data=580  
FromELF: creating hex file...
User command #1: fromelf.exe --bin -o  "F:\Workstation\Firmware\LPC1114_SDK\test\bin\test_sdk.bin" "F:\Workstation\Firmware\LPC1114_SDK\test\bin\test_sdk.axf"
".\bin\test_sdk.axf" - 0 Error(s), 0 Warning(s).
Load "F:\\Workstation\\Firmware\\LPC1114_SDK\\test\\bin\\test_sdk.AXF" 
Build target 'LPC1114_sdk_test'
compiling main.c...
linking...
Program Size: Code=3644 RO-data=392 RW-data=68 ZI-data=580  
FromELF: creating hex file...
User command #1: fromelf.exe --bin -o  "F:\Workstation\Firmware\LPC1114_SDK\test\bin\test_sdk.bin" "F:\Workstation\Firmware\LPC1114_SDK\test\bin\test_sdk.axf"
".\bin\test_sdk.axf" - 0 Error(s), 0 Warning(s).
Load "F:\\Workstation\\Firmware\\LPC1114_SDK\\test\\bin\\test_sdk.AXF" 
Build target 'LPC1114_sdk_test'
compiling main.c...
linking...
Program Size: Code=3704 RO-data=332 RW-data=68 ZI-data=580  
FromELF: creating hex file...
User command #1: fromelf.exe --bin -o  "F:\Workstation\Firmware\LPC1114_SDK\test\bin\test_sdk.bin" "F:\Workstation\Firmware\LPC1114_SDK\test\bin\test_sdk.axf"
".\bin\test_sdk.axf" - 0 Error(s), 0 Warning(s).
Load "F:\\Workstation\\Firmware\\LPC1114_SDK\\test\\bin\\test_sdk.AXF" 
Build target 'LPC1114_sdk_test'
compiling main.c...
linking...
Program Size: Code=3676 RO-data=360 RW-data=68 ZI-data=580  
FromELF: creating hex file...
User command #1: fromelf.exe --bin -o  "F:\Workstation\Firmware\LPC1114_SDK\test\bin\test_sdk.bin" "F:\Workstation\Firmware\LPC1114_SDK\test\bin\test_sdk.axf"
".\bin\test_sdk.axf" - 0 Error(s), 0 Warning(s).
Load "F:\\Workstation\\Firmware\\LPC1114_SDK\\test\\bin\\test_sdk.AXF" 
Build target 'LPC1114_sdk_test'
compiling main.c...
linking...
Program Size: Code=3708 RO-data=328 RW-data=68 ZI-data=580  
FromELF: creating hex file...
User command #1: fromelf.exe --bin -o  "F:\Workstation\Firmware\LPC1114_SDK\test\bin\test_sdk.bin" "F:\Workstation\Firmware\LPC1114_SDK\test\bin\test_sdk.axf"
".\bin\test_sdk.axf" - 0 Error(s), 0 Warning(s).
Load "F:\\Workstation\\Firmware\\LPC1114_SDK\\test\\bin\\test_sdk.AXF" 
