ARM Linker, 4.1 [Build 481] [Standard]

==============================================================================

Section Cross References

    startup_lpc11xx.o(RESET) refers to startup_lpc11xx.o(STACK) for __initial_sp
    startup_lpc11xx.o(RESET) refers to startup_lpc11xx.o(.text) for Reset_Handler
    startup_lpc11xx.o(RESET) refers to timer16.o(.text) for TIMER16_0_IRQHandler
    startup_lpc11xx.o(RESET) refers to uart.o(.text) for UART_IRQHandler
    startup_lpc11xx.o(RESET) refers to gpio.o(.text) for PIOINT3_IRQHandler
    startup_lpc11xx.o(.text) refers to entry.o(.ARM.Collect$$$$00000000) for __main
    main.o(.text) refers to system_lpc11xx.o(.text) for SystemInit
    main.o(.text) refers to uart.o(.text) for UARTInit
    main.o(.text) refers to gpio.o(.text) for GPIOSetDir
    main.o(.text) refers to printfb.o(i.__0printf$bare) for __2printf
    gpio.o(.text) refers to printfb.o(i.__0printf$bare) for __2printf
    gpio.o(.text) refers to gpio.o(.data) for gpio0_counter
    timer16.o(.text) refers to uidiv.o(.text) for __aeabi_uidivmod
    timer16.o(.text) refers to system_lpc11xx.o(.data) for SystemAHBFrequency
    timer16.o(.text) refers to timer16.o(.data) for timer16_0_counter
    uart.o(.text) refers to uidiv.o(.text) for __aeabi_uidivmod
    uart.o(.text) refers to uart.o(.data) for UARTStatus
    uart.o(.text) refers to uart.o(.bss) for UARTBuffer
    uart.o(.text) refers to system_lpc11xx.o(.data) for SystemAHBFrequency
    system_lpc11xx.o(.text) refers to system_lpc11xx.o(.data) for ClockSource
    entry.o(.ARM.Collect$$$$00000000) refers (Special) to entry7.o(.ARM.Collect$$$$00000007) for _main_init
    entry.o(.ARM.Collect$$$$00000000) refers (Special) to entry5.o(.ARM.Collect$$$$00000004) for _main_scatterload
    entry.o(.ARM.Collect$$$$00000000) refers (Special) to entry2.o(.ARM.Collect$$$$00000001) for _main_stk
    printfb.o(i.__0fprintf$bare) refers to printfb.o(i._printf_core) for _printf_core
    printfb.o(i.__0fprintf$bare) refers to retarget.o(.text) for fputc
    printfb.o(i.__0printf$bare) refers to printfb.o(i._printf_core) for _printf_core
    printfb.o(i.__0printf$bare) refers to retarget.o(.text) for fputc
    printfb.o(i.__0printf$bare) refers to stdout.o(.data) for __stdout
    printfb.o(i.__0snprintf$bare) refers to printfb.o(i._printf_core) for _printf_core
    printfb.o(i.__0snprintf$bare) refers to printfb.o(i._snputc) for _snputc
    printfb.o(i.__0sprintf$bare) refers to printfb.o(i._printf_core) for _printf_core
    printfb.o(i.__0sprintf$bare) refers to printfb.o(i._sputc) for _sputc
    printfb.o(i.__0vfprintf$bare) refers to printfb.o(i._printf_core) for _printf_core
    printfb.o(i.__0vfprintf$bare) refers to retarget.o(.text) for fputc
    printfb.o(i.__0vprintf$bare) refers to printfb.o(i._printf_core) for _printf_core
    printfb.o(i.__0vprintf$bare) refers to retarget.o(.text) for fputc
    printfb.o(i.__0vprintf$bare) refers to stdout.o(.data) for __stdout
    printfb.o(i.__0vsnprintf$bare) refers to printfb.o(i._printf_core) for _printf_core
    printfb.o(i.__0vsnprintf$bare) refers to printfb.o(i._snputc) for _snputc
    printfb.o(i.__0vsprintf$bare) refers to printfb.o(i._printf_core) for _printf_core
    printfb.o(i.__0vsprintf$bare) refers to printfb.o(i._sputc) for _sputc
    printf0.o(i.__0fprintf$0) refers to printf0.o(i._printf_core) for _printf_core
    printf0.o(i.__0fprintf$0) refers to retarget.o(.text) for fputc
    printf0.o(i.__0printf$0) refers to printf0.o(i._printf_core) for _printf_core
    printf0.o(i.__0printf$0) refers to retarget.o(.text) for fputc
    printf0.o(i.__0printf$0) refers to stdout.o(.data) for __stdout
    printf0.o(i.__0snprintf$0) refers to printf0.o(i._printf_core) for _printf_core
    printf0.o(i.__0snprintf$0) refers to printf0.o(i._snputc) for _snputc
    printf0.o(i.__0sprintf$0) refers to printf0.o(i._printf_core) for _printf_core
    printf0.o(i.__0sprintf$0) refers to printf0.o(i._sputc) for _sputc
    printf0.o(i.__0vfprintf$0) refers to printf0.o(i._printf_core) for _printf_core
    printf0.o(i.__0vfprintf$0) refers to retarget.o(.text) for fputc
    printf0.o(i.__0vprintf$0) refers to printf0.o(i._printf_core) for _printf_core
    printf0.o(i.__0vprintf$0) refers to retarget.o(.text) for fputc
    printf0.o(i.__0vprintf$0) refers to stdout.o(.data) for __stdout
    printf0.o(i.__0vsnprintf$0) refers to printf0.o(i._printf_core) for _printf_core
    printf0.o(i.__0vsnprintf$0) refers to printf0.o(i._snputc) for _snputc
    printf0.o(i.__0vsprintf$0) refers to printf0.o(i._printf_core) for _printf_core
    printf0.o(i.__0vsprintf$0) refers to printf0.o(i._sputc) for _sputc
    printf1.o(i.__0fprintf$1) refers to printf1.o(i._printf_core) for _printf_core
    printf1.o(i.__0fprintf$1) refers to retarget.o(.text) for fputc
    printf1.o(i.__0printf$1) refers to printf1.o(i._printf_core) for _printf_core
    printf1.o(i.__0printf$1) refers to retarget.o(.text) for fputc
    printf1.o(i.__0printf$1) refers to stdout.o(.data) for __stdout
    printf1.o(i.__0snprintf$1) refers to printf1.o(i._printf_core) for _printf_core
    printf1.o(i.__0snprintf$1) refers to printf1.o(i._snputc) for _snputc
    printf1.o(i.__0sprintf$1) refers to printf1.o(i._printf_core) for _printf_core
    printf1.o(i.__0sprintf$1) refers to printf1.o(i._sputc) for _sputc
    printf1.o(i.__0vfprintf$1) refers to printf1.o(i._printf_core) for _printf_core
    printf1.o(i.__0vfprintf$1) refers to retarget.o(.text) for fputc
    printf1.o(i.__0vprintf$1) refers to printf1.o(i._printf_core) for _printf_core
    printf1.o(i.__0vprintf$1) refers to retarget.o(.text) for fputc
    printf1.o(i.__0vprintf$1) refers to stdout.o(.data) for __stdout
    printf1.o(i.__0vsnprintf$1) refers to printf1.o(i._printf_core) for _printf_core
    printf1.o(i.__0vsnprintf$1) refers to printf1.o(i._snputc) for _snputc
    printf1.o(i.__0vsprintf$1) refers to printf1.o(i._printf_core) for _printf_core
    printf1.o(i.__0vsprintf$1) refers to printf1.o(i._sputc) for _sputc
    printf1.o(i._printf_core) refers to uidiv.o(.text) for __aeabi_uidivmod
    printf2.o(i.__0fprintf$2) refers to printf2.o(i._printf_core) for _printf_core
    printf2.o(i.__0fprintf$2) refers to retarget.o(.text) for fputc
    printf2.o(i.__0printf$2) refers to printf2.o(i._printf_core) for _printf_core
    printf2.o(i.__0printf$2) refers to retarget.o(.text) for fputc
    printf2.o(i.__0printf$2) refers to stdout.o(.data) for __stdout
    printf2.o(i.__0snprintf$2) refers to printf2.o(i._printf_core) for _printf_core
    printf2.o(i.__0snprintf$2) refers to printf2.o(i._snputc) for _snputc
    printf2.o(i.__0sprintf$2) refers to printf2.o(i._printf_core) for _printf_core
    printf2.o(i.__0sprintf$2) refers to printf2.o(i._sputc) for _sputc
    printf2.o(i.__0vfprintf$2) refers to printf2.o(i._printf_core) for _printf_core
    printf2.o(i.__0vfprintf$2) refers to retarget.o(.text) for fputc
    printf2.o(i.__0vprintf$2) refers to printf2.o(i._printf_core) for _printf_core
    printf2.o(i.__0vprintf$2) refers to retarget.o(.text) for fputc
    printf2.o(i.__0vprintf$2) refers to stdout.o(.data) for __stdout
    printf2.o(i.__0vsnprintf$2) refers to printf2.o(i._printf_core) for _printf_core
    printf2.o(i.__0vsnprintf$2) refers to printf2.o(i._snputc) for _snputc
    printf2.o(i.__0vsprintf$2) refers to printf2.o(i._printf_core) for _printf_core
    printf2.o(i.__0vsprintf$2) refers to printf2.o(i._sputc) for _sputc
    printf3.o(i.__0fprintf$3) refers to printf3.o(i._printf_core) for _printf_core
    printf3.o(i.__0fprintf$3) refers to retarget.o(.text) for fputc
    printf3.o(i.__0printf$3) refers to printf3.o(i._printf_core) for _printf_core
    printf3.o(i.__0printf$3) refers to retarget.o(.text) for fputc
    printf3.o(i.__0printf$3) refers to stdout.o(.data) for __stdout
    printf3.o(i.__0snprintf$3) refers to printf3.o(i._printf_core) for _printf_core
    printf3.o(i.__0snprintf$3) refers to printf3.o(i._snputc) for _snputc
    printf3.o(i.__0sprintf$3) refers to printf3.o(i._printf_core) for _printf_core
    printf3.o(i.__0sprintf$3) refers to printf3.o(i._sputc) for _sputc
    printf3.o(i.__0vfprintf$3) refers to printf3.o(i._printf_core) for _printf_core
    printf3.o(i.__0vfprintf$3) refers to retarget.o(.text) for fputc
    printf3.o(i.__0vprintf$3) refers to printf3.o(i._printf_core) for _printf_core
    printf3.o(i.__0vprintf$3) refers to retarget.o(.text) for fputc
    printf3.o(i.__0vprintf$3) refers to stdout.o(.data) for __stdout
    printf3.o(i.__0vsnprintf$3) refers to printf3.o(i._printf_core) for _printf_core
    printf3.o(i.__0vsnprintf$3) refers to printf3.o(i._snputc) for _snputc
    printf3.o(i.__0vsprintf$3) refers to printf3.o(i._printf_core) for _printf_core
    printf3.o(i.__0vsprintf$3) refers to printf3.o(i._sputc) for _sputc
    printf3.o(i._printf_core) refers to uidiv.o(.text) for __aeabi_uidivmod
    printf4.o(i.__0fprintf$4) refers to printf4.o(i._printf_core) for _printf_core
    printf4.o(i.__0fprintf$4) refers to retarget.o(.text) for fputc
    printf4.o(i.__0printf$4) refers to printf4.o(i._printf_core) for _printf_core
    printf4.o(i.__0printf$4) refers to retarget.o(.text) for fputc
    printf4.o(i.__0printf$4) refers to stdout.o(.data) for __stdout
    printf4.o(i.__0snprintf$4) refers to printf4.o(i._printf_core) for _printf_core
    printf4.o(i.__0snprintf$4) refers to printf4.o(i._snputc) for _snputc
    printf4.o(i.__0sprintf$4) refers to printf4.o(i._printf_core) for _printf_core
    printf4.o(i.__0sprintf$4) refers to printf4.o(i._sputc) for _sputc
    printf4.o(i.__0vfprintf$4) refers to printf4.o(i._printf_core) for _printf_core
    printf4.o(i.__0vfprintf$4) refers to retarget.o(.text) for fputc
    printf4.o(i.__0vprintf$4) refers to printf4.o(i._printf_core) for _printf_core
    printf4.o(i.__0vprintf$4) refers to retarget.o(.text) for fputc
    printf4.o(i.__0vprintf$4) refers to stdout.o(.data) for __stdout
    printf4.o(i.__0vsnprintf$4) refers to printf4.o(i._printf_core) for _printf_core
    printf4.o(i.__0vsnprintf$4) refers to printf4.o(i._snputc) for _snputc
    printf4.o(i.__0vsprintf$4) refers to printf4.o(i._printf_core) for _printf_core
    printf4.o(i.__0vsprintf$4) refers to printf4.o(i._sputc) for _sputc
    printf4.o(i._printf_core) refers to uldiv.o(.text) for __aeabi_uldivmod
    printf5.o(i.__0fprintf$5) refers to printf5.o(i._printf_core) for _printf_core
    printf5.o(i.__0fprintf$5) refers to retarget.o(.text) for fputc
    printf5.o(i.__0printf$5) refers to printf5.o(i._printf_core) for _printf_core
    printf5.o(i.__0printf$5) refers to retarget.o(.text) for fputc
    printf5.o(i.__0printf$5) refers to stdout.o(.data) for __stdout
    printf5.o(i.__0snprintf$5) refers to printf5.o(i._printf_core) for _printf_core
    printf5.o(i.__0snprintf$5) refers to printf5.o(i._snputc) for _snputc
    printf5.o(i.__0sprintf$5) refers to printf5.o(i._printf_core) for _printf_core
    printf5.o(i.__0sprintf$5) refers to printf5.o(i._sputc) for _sputc
    printf5.o(i.__0vfprintf$5) refers to printf5.o(i._printf_core) for _printf_core
    printf5.o(i.__0vfprintf$5) refers to retarget.o(.text) for fputc
    printf5.o(i.__0vprintf$5) refers to printf5.o(i._printf_core) for _printf_core
    printf5.o(i.__0vprintf$5) refers to retarget.o(.text) for fputc
    printf5.o(i.__0vprintf$5) refers to stdout.o(.data) for __stdout
    printf5.o(i.__0vsnprintf$5) refers to printf5.o(i._printf_core) for _printf_core
    printf5.o(i.__0vsnprintf$5) refers to printf5.o(i._snputc) for _snputc
    printf5.o(i.__0vsprintf$5) refers to printf5.o(i._printf_core) for _printf_core
    printf5.o(i.__0vsprintf$5) refers to printf5.o(i._sputc) for _sputc
    printf5.o(i._printf_core) refers to uldiv.o(.text) for __aeabi_uldivmod
    printf6.o(i.__0fprintf$6) refers to printf6.o(i._printf_core) for _printf_core
    printf6.o(i.__0fprintf$6) refers to retarget.o(.text) for fputc
    printf6.o(i.__0printf$6) refers to printf6.o(i._printf_core) for _printf_core
    printf6.o(i.__0printf$6) refers to retarget.o(.text) for fputc
    printf6.o(i.__0printf$6) refers to stdout.o(.data) for __stdout
    printf6.o(i.__0snprintf$6) refers to printf6.o(i._printf_core) for _printf_core
    printf6.o(i.__0snprintf$6) refers to printf6.o(i._snputc) for _snputc
    printf6.o(i.__0sprintf$6) refers to printf6.o(i._printf_core) for _printf_core
    printf6.o(i.__0sprintf$6) refers to printf6.o(i._sputc) for _sputc
    printf6.o(i.__0vfprintf$6) refers to printf6.o(i._printf_core) for _printf_core
    printf6.o(i.__0vfprintf$6) refers to retarget.o(.text) for fputc
    printf6.o(i.__0vprintf$6) refers to printf6.o(i._printf_core) for _printf_core
    printf6.o(i.__0vprintf$6) refers to retarget.o(.text) for fputc
    printf6.o(i.__0vprintf$6) refers to stdout.o(.data) for __stdout
    printf6.o(i.__0vsnprintf$6) refers to printf6.o(i._printf_core) for _printf_core
    printf6.o(i.__0vsnprintf$6) refers to printf6.o(i._snputc) for _snputc
    printf6.o(i.__0vsprintf$6) refers to printf6.o(i._printf_core) for _printf_core
    printf6.o(i.__0vsprintf$6) refers to printf6.o(i._sputc) for _sputc
    printf6.o(i._printf_core) refers to printf6.o(i._printf_pre_padding) for _printf_pre_padding
    printf6.o(i._printf_core) refers to printf6.o(i._printf_post_padding) for _printf_post_padding
    printf6.o(i._printf_core) refers to uidiv.o(.text) for __aeabi_uidivmod
    printf7.o(i.__0fprintf$7) refers to printf7.o(i._printf_core) for _printf_core
    printf7.o(i.__0fprintf$7) refers to retarget.o(.text) for fputc
    printf7.o(i.__0printf$7) refers to printf7.o(i._printf_core) for _printf_core
    printf7.o(i.__0printf$7) refers to retarget.o(.text) for fputc
    printf7.o(i.__0printf$7) refers to stdout.o(.data) for __stdout
    printf7.o(i.__0snprintf$7) refers to printf7.o(i._printf_core) for _printf_core
    printf7.o(i.__0snprintf$7) refers to printf7.o(i._snputc) for _snputc
    printf7.o(i.__0sprintf$7) refers to printf7.o(i._printf_core) for _printf_core
    printf7.o(i.__0sprintf$7) refers to printf7.o(i._sputc) for _sputc
    printf7.o(i.__0vfprintf$7) refers to printf7.o(i._printf_core) for _printf_core
    printf7.o(i.__0vfprintf$7) refers to retarget.o(.text) for fputc
    printf7.o(i.__0vprintf$7) refers to printf7.o(i._printf_core) for _printf_core
    printf7.o(i.__0vprintf$7) refers to retarget.o(.text) for fputc
    printf7.o(i.__0vprintf$7) refers to stdout.o(.data) for __stdout
    printf7.o(i.__0vsnprintf$7) refers to printf7.o(i._printf_core) for _printf_core
    printf7.o(i.__0vsnprintf$7) refers to printf7.o(i._snputc) for _snputc
    printf7.o(i.__0vsprintf$7) refers to printf7.o(i._printf_core) for _printf_core
    printf7.o(i.__0vsprintf$7) refers to printf7.o(i._sputc) for _sputc
    printf7.o(i._printf_core) refers to printf7.o(i._printf_pre_padding) for _printf_pre_padding
    printf7.o(i._printf_core) refers to printf7.o(i._printf_post_padding) for _printf_post_padding
    printf7.o(i._printf_core) refers to uldiv.o(.text) for __aeabi_uldivmod
    printf8.o(i.__0fprintf$8) refers to printf8.o(i._printf_core) for _printf_core
    printf8.o(i.__0fprintf$8) refers to retarget.o(.text) for fputc
    printf8.o(i.__0printf$8) refers to printf8.o(i._printf_core) for _printf_core
    printf8.o(i.__0printf$8) refers to retarget.o(.text) for fputc
    printf8.o(i.__0printf$8) refers to stdout.o(.data) for __stdout
    printf8.o(i.__0snprintf$8) refers to printf8.o(i._printf_core) for _printf_core
    printf8.o(i.__0snprintf$8) refers to printf8.o(i._snputc) for _snputc
    printf8.o(i.__0sprintf$8) refers to printf8.o(i._printf_core) for _printf_core
    printf8.o(i.__0sprintf$8) refers to printf8.o(i._sputc) for _sputc
    printf8.o(i.__0vfprintf$8) refers to printf8.o(i._printf_core) for _printf_core
    printf8.o(i.__0vfprintf$8) refers to retarget.o(.text) for fputc
    printf8.o(i.__0vprintf$8) refers to printf8.o(i._printf_core) for _printf_core
    printf8.o(i.__0vprintf$8) refers to retarget.o(.text) for fputc
    printf8.o(i.__0vprintf$8) refers to stdout.o(.data) for __stdout
    printf8.o(i.__0vsnprintf$8) refers to printf8.o(i._printf_core) for _printf_core
    printf8.o(i.__0vsnprintf$8) refers to printf8.o(i._snputc) for _snputc
    printf8.o(i.__0vsprintf$8) refers to printf8.o(i._printf_core) for _printf_core
    printf8.o(i.__0vsprintf$8) refers to printf8.o(i._sputc) for _sputc
    printf8.o(i._printf_core) refers to printf8.o(i._printf_pre_padding) for _printf_pre_padding
    printf8.o(i._printf_core) refers to printf8.o(i._printf_post_padding) for _printf_post_padding
    printf8.o(i._printf_core) refers to uldiv.o(.text) for __aeabi_uldivmod
    printfa.o(i.__0fprintf) refers (Special) to iusefp.o(.text) for __I$use$fp
    printfa.o(i.__0fprintf) refers to printfa.o(i._printf_core) for _printf_core
    printfa.o(i.__0fprintf) refers to retarget.o(.text) for fputc
    printfa.o(i.__0printf) refers (Special) to iusefp.o(.text) for __I$use$fp
    printfa.o(i.__0printf) refers to printfa.o(i._printf_core) for _printf_core
    printfa.o(i.__0printf) refers to retarget.o(.text) for fputc
    printfa.o(i.__0printf) refers to stdout.o(.data) for __stdout
    printfa.o(i.__0snprintf) refers (Special) to iusefp.o(.text) for __I$use$fp
    printfa.o(i.__0snprintf) refers to printfa.o(i._printf_core) for _printf_core
    printfa.o(i.__0snprintf) refers to printfa.o(i._snputc) for _snputc
    printfa.o(i.__0sprintf) refers (Special) to iusefp.o(.text) for __I$use$fp
    printfa.o(i.__0sprintf) refers to printfa.o(i._printf_core) for _printf_core
    printfa.o(i.__0sprintf) refers to printfa.o(i._sputc) for _sputc
    printfa.o(i.__0vfprintf) refers (Special) to iusefp.o(.text) for __I$use$fp
    printfa.o(i.__0vfprintf) refers to printfa.o(i._printf_core) for _printf_core
    printfa.o(i.__0vfprintf) refers to retarget.o(.text) for fputc
    printfa.o(i.__0vprintf) refers (Special) to iusefp.o(.text) for __I$use$fp
    printfa.o(i.__0vprintf) refers to printfa.o(i._printf_core) for _printf_core
    printfa.o(i.__0vprintf) refers to retarget.o(.text) for fputc
    printfa.o(i.__0vprintf) refers to stdout.o(.data) for __stdout
    printfa.o(i.__0vsnprintf) refers (Special) to iusefp.o(.text) for __I$use$fp
    printfa.o(i.__0vsnprintf) refers to printfa.o(i._printf_core) for _printf_core
    printfa.o(i.__0vsnprintf) refers to printfa.o(i._snputc) for _snputc
    printfa.o(i.__0vsprintf) refers (Special) to iusefp.o(.text) for __I$use$fp
    printfa.o(i.__0vsprintf) refers to printfa.o(i._printf_core) for _printf_core
    printfa.o(i.__0vsprintf) refers to printfa.o(i._sputc) for _sputc
    printfa.o(i._fp_digits) refers (Special) to iusefp.o(.text) for __I$use$fp
    printfa.o(i._fp_digits) refers to dmul.o(.text) for __aeabi_dmul
    printfa.o(i._fp_digits) refers to ddiv.o(.text) for __aeabi_ddiv
    printfa.o(i._fp_digits) refers to cdrcmple.o(.text) for __aeabi_cdrcmple
    printfa.o(i._fp_digits) refers to dadd.o(.text) for __aeabi_dadd
    printfa.o(i._fp_digits) refers to dfixul.o(.text) for __aeabi_d2ulz
    printfa.o(i._fp_digits) refers to uldiv.o(.text) for __aeabi_uldivmod
    printfa.o(i._printf_core) refers (Special) to iusefp.o(.text) for __I$use$fp
    printfa.o(i._printf_core) refers to printfa.o(i._printf_pre_padding) for _printf_pre_padding
    printfa.o(i._printf_core) refers to printfa.o(i._printf_post_padding) for _printf_post_padding
    printfa.o(i._printf_core) refers to uldiv.o(.text) for __aeabi_uldivmod
    printfa.o(i._printf_core) refers to printfa.o(i._fp_digits) for _fp_digits
    printfa.o(i._printf_core) refers to uidiv.o(.text) for __aeabi_uidivmod
    printfa.o(i._printf_post_padding) refers (Special) to iusefp.o(.text) for __I$use$fp
    printfa.o(i._printf_pre_padding) refers (Special) to iusefp.o(.text) for __I$use$fp
    printfa.o(i._snputc) refers (Special) to iusefp.o(.text) for __I$use$fp
    printfa.o(i._sputc) refers (Special) to iusefp.o(.text) for __I$use$fp
    entry2.o(.ARM.Collect$$$$00000001) refers to entry2.o(.ARM.Collect$$$$00002712) for __lit__00000000
    entry2.o(.ARM.Collect$$$$00002712) refers to startup_lpc11xx.o(STACK) for __initial_sp
    entry2.o(__vectab_stack_and_reset_area) refers to startup_lpc11xx.o(STACK) for __initial_sp
    entry2.o(__vectab_stack_and_reset_area) refers to entry.o(.ARM.Collect$$$$00000000) for __main
    entry5.o(.ARM.Collect$$$$00000004) refers to init.o(.text) for __scatterload
    entry7.o(.ARM.Collect$$$$00000007) refers to main.o(.text) for main
    uldiv.o(.text) refers to llushr.o(.text) for __aeabi_llsr
    uldiv.o(.text) refers to llshl.o(.text) for __aeabi_llsl
    dadd.o(.text) refers to llshl.o(.text) for __aeabi_llsl
    dadd.o(.text) refers to llsshr.o(.text) for __aeabi_lasr
    dadd.o(.text) refers to depilogue.o(.text) for _double_epilogue
    dmul.o(.text) refers to depilogue.o(.text) for _double_epilogue
    ddiv.o(.text) refers to depilogue.o(.text) for _double_round
    dfixul.o(.text) refers to llushr.o(.text) for __aeabi_llsr
    dfixul.o(.text) refers to llshl.o(.text) for __aeabi_llsl
    init.o(.text) refers to entry5.o(.ARM.Collect$$$$00000004) for __main_after_scatterload
    depilogue.o(.text) refers to depilogue.o(i.__ARM_clz) for __ARM_clz
    depilogue.o(.text) refers to llshl.o(.text) for __aeabi_llsl
    depilogue.o(.text) refers to llushr.o(.text) for __aeabi_llsr


==============================================================================

Removing Unused input sections from the image.

    Removing startup_lpc11xx.o(HEAP), (0 bytes).
    Removing main.o(.constdata), (942 bytes).
    Removing clkconfig.o(.text), (120 bytes).
    Removing dadd.o(.text), (356 bytes).
    Removing dmul.o(.text), (204 bytes).
    Removing ddiv.o(.text), (240 bytes).
    Removing dfixul.o(.text), (64 bytes).
    Removing cdrcmple.o(.text), (40 bytes).
    Removing depilogue.o(.text), (196 bytes).
    Removing depilogue.o(i.__ARM_clz), (46 bytes).

10 unused section(s) (total 2208 bytes) removed from the image.

==============================================================================

Image Symbol Table

    Local Symbols

    Symbol Name                              Value     Ov Type        Size  Object(Section)

    RESET                                    0x00000000   Section      192  startup_lpc11xx.o(RESET)
    ../../microlib/division.c                0x00000000   Number         0  uidiv.o ABSOLUTE
    ../../microlib/division.c                0x00000000   Number         0  uldiv.o ABSOLUTE
    ../../microlib/fpadd.c                   0x00000000   Number         0  dadd.o ABSOLUTE
    ../../microlib/fpdiv.c                   0x00000000   Number         0  ddiv.o ABSOLUTE
    ../../microlib/fpepilogue.c              0x00000000   Number         0  depilogue.o ABSOLUTE
    ../../microlib/fpfix.c                   0x00000000   Number         0  dfixul.o ABSOLUTE
    ../../microlib/fpmul.c                   0x00000000   Number         0  dmul.o ABSOLUTE
    ../../microlib/init/entry.s              0x00000000   Number         0  entry2.o ABSOLUTE
    ../../microlib/init/entry.s              0x00000000   Number         0  entry.o ABSOLUTE
    ../../microlib/init/entry.s              0x00000000   Number         0  entry7.o ABSOLUTE
    ../../microlib/init/entry.s              0x00000000   Number         0  entry5.o ABSOLUTE
    ../../microlib/longlong.c                0x00000000   Number         0  llsshr.o ABSOLUTE
    ../../microlib/longlong.c                0x00000000   Number         0  llushr.o ABSOLUTE
    ../../microlib/longlong.c                0x00000000   Number         0  llshl.o ABSOLUTE
    ../../microlib/printf/printf.c           0x00000000   Number         0  printf3.o ABSOLUTE
    ../../microlib/printf/printf.c           0x00000000   Number         0  printf2.o ABSOLUTE
    ../../microlib/printf/printf.c           0x00000000   Number         0  printf1.o ABSOLUTE
    ../../microlib/printf/printf.c           0x00000000   Number         0  printf0.o ABSOLUTE
    ../../microlib/printf/printf.c           0x00000000   Number         0  printfa.o ABSOLUTE
    ../../microlib/printf/printf.c           0x00000000   Number         0  printf8.o ABSOLUTE
    ../../microlib/printf/printf.c           0x00000000   Number         0  printf7.o ABSOLUTE
    ../../microlib/printf/printf.c           0x00000000   Number         0  printf6.o ABSOLUTE
    ../../microlib/printf/printf.c           0x00000000   Number         0  printf5.o ABSOLUTE
    ../../microlib/printf/printf.c           0x00000000   Number         0  printfb.o ABSOLUTE
    ../../microlib/printf/printf.c           0x00000000   Number         0  printf4.o ABSOLUTE
    ../../microlib/stdio/streams.c           0x00000000   Number         0  stdout.o ABSOLUTE
    ../../microlib/stubs.s                   0x00000000   Number         0  iusefp.o ABSOLUTE
    ..\src\CLKCONFIG.C                       0x00000000   Number         0  clkconfig.o ABSOLUTE
    ..\src\CORE_CM0.C                        0x00000000   Number         0  core_cm0.o ABSOLUTE
    ..\src\GPIO.C                            0x00000000   Number         0  gpio.o ABSOLUTE
    ..\src\RETARGET.C                        0x00000000   Number         0  retarget.o ABSOLUTE
    ..\src\SYSTEM_LPC11XX.C                  0x00000000   Number         0  system_lpc11xx.o ABSOLUTE
    ..\src\TIMER16.C                         0x00000000   Number         0  timer16.o ABSOLUTE
    ..\src\UART.C                            0x00000000   Number         0  uart.o ABSOLUTE
    cdrcmple.s                               0x00000000   Number         0  cdrcmple.o ABSOLUTE
    dc.s                                     0x00000000   Number         0  dc.o ABSOLUTE
    handlers.s                               0x00000000   Number         0  handlers.o ABSOLUTE
    init.s                                   0x00000000   Number         0  init.o ABSOLUTE
    startup_LPC11xx.s                        0x00000000   Number         0  startup_lpc11xx.o ABSOLUTE
    user\main.c                              0x00000000   Number         0  main.o ABSOLUTE
    .ARM.Collect$$$$00000000                 0x000000c0   Section        0  entry.o(.ARM.Collect$$$$00000000)
    .ARM.Collect$$$$00000001                 0x000000c0   Section        4  entry2.o(.ARM.Collect$$$$00000001)
    .ARM.Collect$$$$00000004                 0x000000c4   Section        4  entry5.o(.ARM.Collect$$$$00000004)
    .ARM.Collect$$$$00000007                 0x000000c8   Section        8  entry7.o(.ARM.Collect$$$$00000007)
    .ARM.Collect$$$$00002712                 0x000000d0   Section        4  entry2.o(.ARM.Collect$$$$00002712)
    __lit__00000000                          0x000000d0   Data           4  entry2.o(.ARM.Collect$$$$00002712)
    .text                                    0x000000d4   Section       20  startup_lpc11xx.o(.text)
    .text                                    0x000000e8   Section        0  main.o(.text)
    .text                                    0x000001bc   Section        0  retarget.o(.text)
    .text                                    0x000001d4   Section        0  uidiv.o(.text)
    .text                                    0x00000200   Section       36  init.o(.text)
    i.__0printf$bare                         0x00000224   Section        0  printfb.o(i.__0printf$bare)
    i.__scatterload_copy                     0x00000238   Section       14  handlers.o(i.__scatterload_copy)
    i.__scatterload_null                     0x00000246   Section        2  handlers.o(i.__scatterload_null)
    i.__scatterload_zeroinit                 0x00000248   Section       14  handlers.o(i.__scatterload_zeroinit)
    i._printf_core                           0x00000256   Section        0  printfb.o(i._printf_core)
    _printf_core                             0x00000257   Thumb Code    30  printfb.o(i._printf_core)
    .ARM.__at_0x02FC                         0x000002fc   Section        4  startup_lpc11xx.o(.ARM.__at_0x02FC)
    .text                                    0x00000300   Section        0  gpio.o(.text)
    NVIC_EnableIRQ                           0x000009a5   Thumb Code    14  gpio.o(.text)
    .text                                    0x000009c8   Section        0  timer16.o(.text)
    NVIC_EnableIRQ                           0x00000ba1   Thumb Code    14  timer16.o(.text)
    .text                                    0x00000bd0   Section        0  uart.o(.text)
    .text                                    0x00000e54   Section        0  system_lpc11xx.o(.text)
    .data                                    0x10000000   Section       32  gpio.o(.data)
    .data                                    0x10000020   Section        8  timer16.o(.data)
    .data                                    0x10000028   Section       12  uart.o(.data)
    .data                                    0x10000034   Section       12  system_lpc11xx.o(.data)
    .data                                    0x10000040   Section        4  stdout.o(.data)
    .bss                                     0x10000044   Section       64  uart.o(.bss)
    STACK                                    0x10000088   Section      512  startup_lpc11xx.o(STACK)

    Global Symbols

    Symbol Name                              Value     Ov Type        Size  Object(Section)

    BuildAttributes$$THM_ISAv3M$S$PE$A:L22$X:L11$S22$IEEE1$IW$USESV6$~STKCKD$USESV7$~SHL$OSPACE$ROPI$EBA8$MICROLIB$REQ8$PRES8$EABIv2 0x00000000   Number         0  anon$$obj.o ABSOLUTE
    __ARM_use_no_argv                        0x00000000   Number         0  main.o ABSOLUTE
    __Vectors                                0x00000000   Data           4  startup_lpc11xx.o(RESET)
    __decompress                              - Undefined Weak Reference
    __main                                   0x000000c1   Thumb Code     0  entry.o(.ARM.Collect$$$$00000000)
    _main_stk                                0x000000c1   Thumb Code     0  entry2.o(.ARM.Collect$$$$00000001)
    _main_scatterload                        0x000000c5   Thumb Code     0  entry5.o(.ARM.Collect$$$$00000004)
    __main_after_scatterload                 0x000000c9   Thumb Code     0  entry5.o(.ARM.Collect$$$$00000004)
    _main_init                               0x000000c9   Thumb Code     0  entry7.o(.ARM.Collect$$$$00000007)
    Reset_Handler                            0x000000d5   Thumb Code     4  startup_lpc11xx.o(.text)
    NMI_Handler                              0x000000d9   Thumb Code     2  startup_lpc11xx.o(.text)
    HardFault_Handler                        0x000000db   Thumb Code     2  startup_lpc11xx.o(.text)
    SVC_Handler                              0x000000dd   Thumb Code     2  startup_lpc11xx.o(.text)
    PendSV_Handler                           0x000000df   Thumb Code     2  startup_lpc11xx.o(.text)
    SysTick_Handler                          0x000000e1   Thumb Code     2  startup_lpc11xx.o(.text)
    ADC_IRQHandler                           0x000000e3   Thumb Code     0  startup_lpc11xx.o(.text)
    BOD_IRQHandler                           0x000000e3   Thumb Code     0  startup_lpc11xx.o(.text)
    I2C_IRQHandler                           0x000000e3   Thumb Code     0  startup_lpc11xx.o(.text)
    SSP0_IRQHandler                          0x000000e3   Thumb Code     0  startup_lpc11xx.o(.text)
    SSP1_IRQHandler                          0x000000e3   Thumb Code     0  startup_lpc11xx.o(.text)
    TIMER32_0_IRQHandler                     0x000000e3   Thumb Code     0  startup_lpc11xx.o(.text)
    TIMER32_1_IRQHandler                     0x000000e3   Thumb Code     0  startup_lpc11xx.o(.text)
    WAKEUP_IRQHandler                        0x000000e3   Thumb Code     0  startup_lpc11xx.o(.text)
    WDT_IRQHandler                           0x000000e3   Thumb Code     0  startup_lpc11xx.o(.text)
    delay                                    0x000000e9   Thumb Code    36  main.o(.text)
    main                                     0x0000010d   Thumb Code   142  main.o(.text)
    fputc                                    0x000001bd   Thumb Code    18  retarget.o(.text)
    __aeabi_uidiv                            0x000001d5   Thumb Code     0  uidiv.o(.text)
    __aeabi_uidivmod                         0x000001d5   Thumb Code    44  uidiv.o(.text)
    __scatterload                            0x00000201   Thumb Code    28  init.o(.text)
    __scatterload_rt2                        0x00000201   Thumb Code     0  init.o(.text)
    __0printf$bare                           0x00000225   Thumb Code    12  printfb.o(i.__0printf$bare)
    __1printf$bare                           0x00000225   Thumb Code     0  printfb.o(i.__0printf$bare)
    __2printf                                0x00000225   Thumb Code     0  printfb.o(i.__0printf$bare)
    __scatterload_copy                       0x00000239   Thumb Code    14  handlers.o(i.__scatterload_copy)
    __scatterload_null                       0x00000247   Thumb Code     2  handlers.o(i.__scatterload_null)
    __scatterload_zeroinit                   0x00000249   Thumb Code    14  handlers.o(i.__scatterload_zeroinit)
    Region$$Table$$Base                      0x00000274   Number         0  anon$$obj.o(Region$$Table)
    Region$$Table$$Limit                     0x00000294   Number         0  anon$$obj.o(Region$$Table)
    GPIOIntClear                             0x00000301   Thumb Code    88  gpio.o(.text)
    GPIOIntStatus                            0x00000359   Thumb Code    94  gpio.o(.text)
    PIOINT0_IRQHandler                       0x000003b7   Thumb Code    52  gpio.o(.text)
    PIOINT1_IRQHandler                       0x000003eb   Thumb Code    46  gpio.o(.text)
    PIOINT2_IRQHandler                       0x00000419   Thumb Code    46  gpio.o(.text)
    PIOINT3_IRQHandler                       0x00000447   Thumb Code    46  gpio.o(.text)
    GPIOInit                                 0x00000475   Thumb Code    40  gpio.o(.text)
    GPIOSetDir                               0x0000049d   Thumb Code   284  gpio.o(.text)
    GPIOSetValue                             0x000005b9   Thumb Code   284  gpio.o(.text)
    GPIOSetInterrupt                         0x000006d5   Thumb Code   544  gpio.o(.text)
    GPIOIntEnable                            0x000008f5   Thumb Code    88  gpio.o(.text)
    GPIOIntDisable                           0x0000094d   Thumb Code    88  gpio.o(.text)
    delayMs                                  0x000009c9   Thumb Code   122  timer16.o(.text)
    TIMER16_0_IRQHandler                     0x00000a43   Thumb Code    18  timer16.o(.text)
    TIMER16_1_IRQHandler                     0x00000a55   Thumb Code    18  timer16.o(.text)
    enable_timer16                           0x00000a67   Thumb Code    20  timer16.o(.text)
    disable_timer16                          0x00000a7b   Thumb Code    20  timer16.o(.text)
    reset_timer16                            0x00000a8f   Thumb Code    34  timer16.o(.text)
    init_timer16                             0x00000ab1   Thumb Code   240  timer16.o(.text)
    UART_IRQHandler                          0x00000bd1   Thumb Code   180  uart.o(.text)
    ModemInit                                0x00000c85   Thumb Code   190  uart.o(.text)
    UARTInit                                 0x00000d43   Thumb Code   208  uart.o(.text)
    UARTSend                                 0x00000e13   Thumb Code    30  uart.o(.text)
    Main_PLL_Setup                           0x00000e55   Thumb Code   140  system_lpc11xx.o(.text)
    USB_PLL_Setup                            0x00000ee1   Thumb Code   134  system_lpc11xx.o(.text)
    SystemInit                               0x00000f67   Thumb Code    70  system_lpc11xx.o(.text)
    gpio0_counter                            0x10000000   Data           4  gpio.o(.data)
    gpio1_counter                            0x10000004   Data           4  gpio.o(.data)
    gpio2_counter                            0x10000008   Data           4  gpio.o(.data)
    gpio3_counter                            0x1000000c   Data           4  gpio.o(.data)
    p0_1_counter                             0x10000010   Data           4  gpio.o(.data)
    p1_1_counter                             0x10000014   Data           4  gpio.o(.data)
    p2_1_counter                             0x10000018   Data           4  gpio.o(.data)
    p3_1_counter                             0x1000001c   Data           4  gpio.o(.data)
    timer16_0_counter                        0x10000020   Data           4  timer16.o(.data)
    timer16_1_counter                        0x10000024   Data           4  timer16.o(.data)
    UARTTxEmpty                              0x10000028   Data           1  uart.o(.data)
    UARTCount                                0x1000002c   Data           4  uart.o(.data)
    UARTStatus                               0x10000030   Data           4  uart.o(.data)
    ClockSource                              0x10000034   Data           4  system_lpc11xx.o(.data)
    SystemFrequency                          0x10000038   Data           4  system_lpc11xx.o(.data)
    SystemAHBFrequency                       0x1000003c   Data           4  system_lpc11xx.o(.data)
    __stdout                                 0x10000040   Data           4  stdout.o(.data)
    UARTBuffer                               0x10000044   Data          64  uart.o(.bss)
    __initial_sp                             0x10000288   Data           0  startup_lpc11xx.o(STACK)



==============================================================================

Memory Map of the image

  Image Entry point : 0x000000c1

  Load Region LR_IROM1 (Base: 0x00000000, Size: 0x00001008, Max: 0x00008000, ABSOLUTE)

    Execution Region ER_IROM1 (Base: 0x00000000, Size: 0x00000fc4, Max: 0x00008000, ABSOLUTE)

    Base Addr    Size         Type   Attr      Idx    E Section Name        Object

    0x00000000   0x000000c0   Data   RO            3    RESET               startup_lpc11xx.o
    0x000000c0   0x00000000   Code   RO          164  * .ARM.Collect$$$$00000000  mc_p.l(entry.o)(mc_p.l)
    0x000000c0   0x00000004   Code   RO          429    .ARM.Collect$$$$00000001  mc_p.l(entry2.o)(mc_p.l)
    0x000000c4   0x00000004   Code   RO          432    .ARM.Collect$$$$00000004  mc_p.l(entry5.o)(mc_p.l)
    0x000000c8   0x00000008   Code   RO          433    .ARM.Collect$$$$00000007  mc_p.l(entry7.o)(mc_p.l)
    0x000000d0   0x00000004   Code   RO          430    .ARM.Collect$$$$00002712  mc_p.l(entry2.o)(mc_p.l)
    0x000000d4   0x00000014   Code   RO            5    .text               startup_lpc11xx.o
    0x000000e8   0x000000d4   Code   RO           13    .text               main.o
    0x000001bc   0x00000018   Code   RO          128    .text               retarget.o
    0x000001d4   0x0000002c   Code   RO          167    .text               mc_p.l(uidiv.o)(mc_p.l)
    0x00000200   0x00000024   Code   RO          448    .text               mc_p.l(init.o)(mc_p.l)
    0x00000224   0x00000014   Code   RO          170    i.__0printf$bare    mc_p.l(printfb.o)(mc_p.l)
    0x00000238   0x0000000e   Code   RO          462    i.__scatterload_copy  mc_p.l(handlers.o)(mc_p.l)
    0x00000246   0x00000002   Code   RO          463    i.__scatterload_null  mc_p.l(handlers.o)(mc_p.l)
    0x00000248   0x0000000e   Code   RO          464    i.__scatterload_zeroinit  mc_p.l(handlers.o)(mc_p.l)
    0x00000256   0x0000001e   Code   RO          177    i._printf_core      mc_p.l(printfb.o)(mc_p.l)
    0x00000274   0x00000020   Data   RO          460    Region$$Table       anon$$obj.o
    0x00000294   0x00000068   PAD
    0x000002fc   0x00000004   Code   RO            4    .ARM.__at_0x02FC    startup_lpc11xx.o
    0x00000300   0x000006c8   Code   RO           55    .text               gpio.o
    0x000009c8   0x00000208   Code   RO           91    .text               timer16.o
    0x00000bd0   0x00000284   Code   RO          109    .text               uart.o
    0x00000e54   0x00000170   Code   RO          146    .text               system_lpc11xx.o


    Execution Region RW_IRAM1 (Base: 0x10000000, Size: 0x00000288, Max: 0x00002000, ABSOLUTE)

    Base Addr    Size         Type   Attr      Idx    E Section Name        Object

    0x10000000   0x00000020   Data   RW           56    .data               gpio.o
    0x10000020   0x00000008   Data   RW           92    .data               timer16.o
    0x10000028   0x0000000c   Data   RW          111    .data               uart.o
    0x10000034   0x0000000c   Data   RW          147    .data               system_lpc11xx.o
    0x10000040   0x00000004   Data   RW          434    .data               mc_p.l(stdout.o)(mc_p.l)
    0x10000044   0x00000040   Zero   RW          110    .bss                uart.o
    0x10000084   0x00000004   PAD
    0x10000088   0x00000200   Zero   RW            1    STACK               startup_lpc11xx.o


==============================================================================

Image component sizes


      Code (inc. data)   RO Data    RW Data    ZI Data      Debug   Object Name

      1736        118          0         32          0          0   gpio.o
       212         34          0          0          0          0   main.o
        24          6          0          0          0          0   retarget.o
        24          8        192          0        512          0   startup_lpc11xx.o
       368         24          0         12          0          0   system_lpc11xx.o
       520         34          0          8          0          0   timer16.o
       644         36          0         12         64          0   uart.o

    ----------------------------------------------------------------------
      3528        260        328         64        580          0   Object Totals
         0          0         32          0          0          0   (incl. Generated)
         0          0        104          0          4          2   (incl. Padding)

    ----------------------------------------------------------------------

      Code (inc. data)   RO Data    RW Data    ZI Data      Debug   Library Member Name

         0          0          0          0          0          0   entry.o
         8          4          0          0          0          0   entry2.o
         4          0          0          0          0          0   entry5.o
         8          4          0          0          0          0   entry7.o
        30          0          0          0          0          0   handlers.o
        36          8          0          0          0          0   init.o
        50          8          0          0          0          0   printfb.o
         0          0          0          4          0          0   stdout.o
        44          0          0          0          0          0   uidiv.o

    ----------------------------------------------------------------------
       180         24          0          4          0          0   Library Totals
         0          0          0          0          0          0   (incl. Padding)

    ----------------------------------------------------------------------

      Code (inc. data)   RO Data    RW Data    ZI Data      Debug   Library Name

       180         24          0          4          0        284   mc_p.l

    ----------------------------------------------------------------------
       180         24          0          4          0          0   Library Totals

    ----------------------------------------------------------------------

==============================================================================


      Code (inc. data)   RO Data    RW Data    ZI Data      Debug   

      3708        284        328         68        580      29388   Grand Totals
      3708        284        328         68        580      29388   ELF Image Totals
      3708        284        328         68          0          0   ROM Totals

==============================================================================

    Total RO  Size (Code + RO Data)                 4036 (   3.94kB)
    Total RW  Size (RW Data + ZI Data)               648 (   0.63kB)
    Total ROM Size (Code + RO Data + RW Data)       4104 (   4.01kB)

==============================================================================

