<html>
<body>
<pre>
<h1>µVision Build Log</h1>
<h2>Project:</h2>
F:\Workstation\Firmware\LPC1114_SDK\test\test_sdk.uvproj
Project File Date:  11/19/2016

<h2>Output:</h2>
Build target 'LPC1114_sdk_test'
compiling main.c...
linking...
Program Size: Code=4948 RO-data=224 RW-data=68 ZI-data=580  
FromELF: creating hex file...
User command #1: fromelf.exe --bin -o  "F:\Workstation\Firmware\LPC1114_SDK\test\bin\test_sdk.bin" "F:\Workstation\Firmware\LPC1114_SDK\test\bin\test_sdk.axf"
".\bin\test_sdk.axf" - 0 Error(s), 0 Warning(s).
Load "F:\\Workstation\\Firmware\\LPC1114_SDK\\test\\bin\\test_sdk.AXF" 
Build target 'LPC1114_sdk_test'
compiling main.c...
linking...
Program Size: Code=4972 RO-data=224 RW-data=68 ZI-data=580  
FromELF: creating hex file...
User command #1: fromelf.exe --bin -o  "F:\Workstation\Firmware\LPC1114_SDK\test\bin\test_sdk.bin" "F:\Workstation\Firmware\LPC1114_SDK\test\bin\test_sdk.axf"
".\bin\test_sdk.axf" - 0 Error(s), 0 Warning(s).
Load "F:\\Workstation\\Firmware\\LPC1114_SDK\\test\\bin\\test_sdk.AXF" 
Build target 'LPC1114_sdk_test'
compiling main.c...
linking...
Program Size: Code=4960 RO-data=224 RW-data=68 ZI-data=580  
FromELF: creating hex file...
User command #1: fromelf.exe --bin -o  "F:\Workstation\Firmware\LPC1114_SDK\test\bin\test_sdk.bin" "F:\Workstation\Firmware\LPC1114_SDK\test\bin\test_sdk.axf"
".\bin\test_sdk.axf" - 0 Error(s), 0 Warning(s).
Load "F:\\Workstation\\Firmware\\LPC1114_SDK\\test\\bin\\test_sdk.AXF" 
Build target 'LPC1114_sdk_test'
compiling main.c...
linking...
Program Size: Code=4940 RO-data=224 RW-data=68 ZI-data=580  
FromELF: creating hex file...
User command #1: fromelf.exe --bin -o  "F:\Workstation\Firmware\LPC1114_SDK\test\bin\test_sdk.bin" "F:\Workstation\Firmware\LPC1114_SDK\test\bin\test_sdk.axf"
".\bin\test_sdk.axf" - 0 Error(s), 0 Warning(s).
Load "F:\\Workstation\\Firmware\\LPC1114_SDK\\test\\bin\\test_sdk.AXF" 
Build target 'LPC1114_sdk_test'
compiling main.c...
linking...
Program Size: Code=4964 RO-data=224 RW-data=68 ZI-data=580  
FromELF: creating hex file...
User command #1: fromelf.exe --bin -o  "F:\Workstation\Firmware\LPC1114_SDK\test\bin\test_sdk.bin" "F:\Workstation\Firmware\LPC1114_SDK\test\bin\test_sdk.axf"
".\bin\test_sdk.axf" - 0 Error(s), 0 Warning(s).
Load "F:\\Workstation\\Firmware\\LPC1114_SDK\\test\\bin\\test_sdk.AXF" 
Build target 'LPC1114_sdk_test'
compiling main.c...
linking...
Program Size: Code=4964 RO-data=224 RW-data=68 ZI-data=580  
FromELF: creating hex file...
User command #1: fromelf.exe --bin -o  "F:\Workstation\Firmware\LPC1114_SDK\test\bin\test_sdk.bin" "F:\Workstation\Firmware\LPC1114_SDK\test\bin\test_sdk.axf"
".\bin\test_sdk.axf" - 0 Error(s), 0 Warning(s).
Load "F:\\Workstation\\Firmware\\LPC1114_SDK\\test\\bin\\test_sdk.AXF" 
Build target 'LPC1114_sdk_test'
compiling main.c...
user\main.c(86): warning:  #177-D: variable "cnt" was declared but never referenced
user\main.c:       uint8_t cnt = 0;
user\main.c:               ^
user\main.c: user\main.c: 1 warning, 0 errors
linking...
Program Size: Code=4964 RO-data=224 RW-data=68 ZI-data=580  
FromELF: creating hex file...
User command #1: fromelf.exe --bin -o  "F:\Workstation\Firmware\LPC1114_SDK\test\bin\test_sdk.bin" "F:\Workstation\Firmware\LPC1114_SDK\test\bin\test_sdk.axf"
".\bin\test_sdk.axf" - 0 Error(s), 1 Warning(s).
Build target 'LPC1114_sdk_test'
compiling main.c...
linking...
Program Size: Code=4964 RO-data=224 RW-data=68 ZI-data=580  
FromELF: creating hex file...
User command #1: fromelf.exe --bin -o  "F:\Workstation\Firmware\LPC1114_SDK\test\bin\test_sdk.bin" "F:\Workstation\Firmware\LPC1114_SDK\test\bin\test_sdk.axf"
".\bin\test_sdk.axf" - 0 Error(s), 0 Warning(s).
Load "F:\\Workstation\\Firmware\\LPC1114_SDK\\test\\bin\\test_sdk.AXF" 
Build target 'LPC1114_sdk_test'
compiling main.c...
linking...
Program Size: Code=4232 RO-data=224 RW-data=68 ZI-data=580  
FromELF: creating hex file...
User command #1: fromelf.exe --bin -o  "F:\Workstation\Firmware\LPC1114_SDK\test\bin\test_sdk.bin" "F:\Workstation\Firmware\LPC1114_SDK\test\bin\test_sdk.axf"
".\bin\test_sdk.axf" - 0 Error(s), 0 Warning(s).
Load "F:\\Workstation\\Firmware\\LPC1114_SDK\\test\\bin\\test_sdk.AXF" 
Build target 'LPC1114_sdk_test'
compiling main.c...
linking...
Program Size: Code=4232 RO-data=224 RW-data=68 ZI-data=580  
FromELF: creating hex file...
User command #1: fromelf.exe --bin -o  "F:\Workstation\Firmware\LPC1114_SDK\test\bin\test_sdk.bin" "F:\Workstation\Firmware\LPC1114_SDK\test\bin\test_sdk.axf"
".\bin\test_sdk.axf" - 0 Error(s), 0 Warning(s).
Load "F:\\Workstation\\Firmware\\LPC1114_SDK\\test\\bin\\test_sdk.AXF" 
